package com.nova.app;

import android.app.Activity;
import android.os.Bundle;
import android.graphics.Color;
import android.graphics.Typeface;
import android.graphics.drawable.GradientDrawable;
import android.view.Gravity;
import android.view.View;
import android.view.ViewGroup;
import android.widget.*;

import com.nova.app.core.NovaFeatures;
import com.nova.app.projects.ProjectManager;
import com.nova.app.settings.NovaTheme;
import com.nova.app.settings.ThemeRegistry;

import java.io.File;
import java.util.List;

public class MainActivity extends Activity {

    private LinearLayout root;
    private LinearLayout content;
    private String currentTheme;

    private int DP;

    @Override
    protected void onCreate(Bundle savedInstanceState) {
        super.onCreate(savedInstanceState);

        DP = (int) getResources().getDisplayMetrics().density;
        currentTheme = NovaTheme.get(this);
        buildUI();
    }

    private int dp(int value) {
        return value * DP;
    }

    private void buildUI() {
        NovaTheme.applyNavigationBar(this, currentTheme);

        root = new LinearLayout(this);
        root.setOrientation(LinearLayout.VERTICAL);
        root.setBackgroundColor(NovaTheme.background(currentTheme));

        content = new LinearLayout(this);
        content.setOrientation(LinearLayout.VERTICAL);
        content.setPadding(dp(16), dp(18), dp(16), dp(18));

        ScrollView scroll = new ScrollView(this);
        scroll.setFillViewport(true);
        scroll.addView(content);

        root.addView(scroll, new LinearLayout.LayoutParams(
                ViewGroup.LayoutParams.MATCH_PARENT, 0, 1
        ));

        root.addView(bottomNavigation());

        setContentView(root);

        showHome();
    }

    private TextView text(String value, float size, boolean bold) {
        TextView t = new TextView(this);
        t.setText(value);
        t.setTextSize(size);
        t.setTextColor(NovaTheme.text(currentTheme));
        t.setTypeface(bold ? Typeface.DEFAULT_BOLD : Typeface.DEFAULT);
        t.setGravity(Gravity.CENTER_VERTICAL);
        return t;
    }

    private TextView title(String value) {
        TextView t = text(value, 28, true);
        t.setPadding(0, 0, 0, dp(8));
        return t;
    }

    private TextView subtitle(String value) {
        TextView t = text(value, 14, false);
        t.setTextColor(NovaTheme.muted(currentTheme));
        t.setPadding(0, 0, 0, dp(18));
        return t;
    }

    private GradientDrawable background(int color, int radius) {
        GradientDrawable g = new GradientDrawable();
        g.setColor(color);
        g.setCornerRadius(dp(radius));
        return g;
    }

    private Button button(String label, View.OnClickListener listener) {
        Button b = new Button(this);
        b.setText(label);
        b.setTextColor(Color.WHITE);
        b.setTextSize(14);
        b.setAllCaps(false);
        b.setTypeface(Typeface.DEFAULT_BOLD);
        b.setGravity(Gravity.CENTER);
        b.setBackground(background(NovaTheme.accent(currentTheme), 14));
        b.setPadding(dp(12), dp(4), dp(12), dp(4));
        b.setOnClickListener(listener);

        LinearLayout.LayoutParams p = new LinearLayout.LayoutParams(
                ViewGroup.LayoutParams.MATCH_PARENT,
                dp(50)
        );
        p.setMargins(0, 0, 0, dp(10));
        b.setLayoutParams(p);

        return b;
    }

    private LinearLayout card(String heading, String description,
                              View.OnClickListener listener) {

        LinearLayout card = new LinearLayout(this);
        card.setOrientation(LinearLayout.VERTICAL);
        card.setPadding(dp(16), dp(14), dp(16), dp(14));
        card.setBackground(background(NovaTheme.card(currentTheme), 18));

        TextView h = text(heading, 17, true);

        TextView d = text(description, 13, false);
        d.setTextColor(NovaTheme.muted(currentTheme));
        d.setPadding(0, dp(5), 0, dp(10));

        card.addView(h);
        card.addView(d);

        if (listener != null) {
            card.setOnClickListener(listener);
        }

        LinearLayout.LayoutParams p = new LinearLayout.LayoutParams(
                ViewGroup.LayoutParams.MATCH_PARENT,
                ViewGroup.LayoutParams.WRAP_CONTENT
        );
        p.setMargins(0, 0, 0, dp(12));
        card.setLayoutParams(p);

        return card;
    }

    private void clear(String heading, String description) {
        content.removeAllViews();
        content.addView(title(heading));
        content.addView(subtitle(description));
    }

    private void showHome() {
        clear("NOVA", "Your professional creation and AI workspace");

        content.addView(card(
                "⚡ Quick Create",
                "Create an app, game, website, web app, AI, API or script.",
                v -> showCreate()
        ));

        content.addView(card(
                "🤖 M3GAN",
                "AI assistant, coding, research, tutoring and project intelligence.",
                v -> showMegan()
        ));

        content.addView(card(
                "💻 Coding Hub",
                "Build, edit, test, debug and export projects.",
                v -> showFeatureGroup("CODING HUB", NovaFeatures.CODING_HUB)
        ));

        content.addView(card(
                "📁 Projects",
                "Open and manage everything created inside NOVA.",
                v -> showProjects()
        ));

        content.addView(card(
                "🎨 Create Studio",
                "Design interfaces, images, logos, icons and documents.",
                v -> showFeatureGroup("CREATE STUDIO", NovaFeatures.CREATE_STUDIO)
        ));

        content.addView(card(
                "📚 Learn",
                "AI tutoring, courses, notes, quizzes and study tools.",
                v -> showFeatureGroup("LEARN", NovaFeatures.LEARN)
        ));

        content.addView(card(
                "⚙️ Settings",
                "Themes, appearance, privacy, storage and NOVA settings.",
                v -> showSettings()
        ));
    }

    private void showCreate() {
        clear("Create Anything", "Choose what you want NOVA to create.");

        for (String item : NovaFeatures.CREATE_ANYTHING) {
            content.addView(card(
                    item,
                    "Create a new " + item + " project.",
                    v -> createProject(item)
            ));
        }
    }

    private void createProject(String type) {
        try {
            ProjectManager manager = new ProjectManager(this);

            String name = type.replace(" ", "_") + "_Project";

            File project = manager.createProject(name, type);

            Toast.makeText(
                    this,
                    "Created " + project.getName(),
                    Toast.LENGTH_SHORT
            ).show();

            showProjects();

        } catch (Exception e) {
            Toast.makeText(
                    this,
                    "Project creation failed: " + e.getMessage(),
                    Toast.LENGTH_LONG
            ).show();
        }
    }

    private void showMegan() {
        clear("M3GAN", "NOVA's AI workspace");

        for (String feature : NovaFeatures.M3GAN) {
            content.addView(card(
                    feature,
                    "Open " + feature + " inside M3GAN.",
                    v -> showFeature(feature)
            ));
        }
    }

    private void showProjects() {
        clear("Projects", "Your NOVA workspace");

        ProjectManager manager = new ProjectManager(this);
        List<File> projects = manager.getProjects();

        if (projects.isEmpty()) {
            content.addView(card(
                    "No projects yet",
                    "Create your first project using Quick Create.",
                    v -> showCreate()
            ));
            return;
        }

        for (File project : projects) {
            String name = project.getName();

            content.addView(card(
                    "📦 " + name,
                    "Open project workspace.",
                    v -> showProject(project)
            ));
        }
    }

    private void showProject(File project) {
        clear(project.getName(), "Project workspace");

        content.addView(card(
                "🧠 Project Brain",
                "View the project's planning and intelligence foundation.",
                v -> showFeature("Project Brain")
        ));

        content.addView(card(
                "📂 File Explorer",
                "Browse project files and folders.",
                v -> showFeature("File Explorer")
        ));

        content.addView(card(
                "⌨️ Code Editor",
                "Open the project's code workspace.",
                v -> showFeature("Code Editor")
        ));

        content.addView(card(
                "🧪 Test",
                "Run project tests.",
                v -> showFeature("Test")
        ));

        content.addView(card(
                "🔨 Build & Export",
                "Build project outputs.",
                v -> showFeature("Build & Export")
        ));

        content.addView(card(
                "🕘 Versions",
                "Manage project versions.",
                v -> showFeature("Versions")
        ));
    }

    private void showSettings() {
        clear("Settings", "Configure your NOVA workspace");

        content.addView(card(
                "🎨 Themes",
                "Choose the visual theme used throughout NOVA.",
                v -> showThemes()
        ));

        content.addView(card(
                "🌗 Appearance",
                "Current theme: " + currentTheme,
                v -> showThemes()
        ));

        content.addView(card(
                "🤖 M3GAN",
                "Configure AI behaviour and preferences.",
                v -> showFeature("M3GAN Settings")
        ));

        content.addView(card(
                "🔒 Privacy",
                "Manage privacy and local application data.",
                v -> showFeature("Privacy")
        ));

        content.addView(card(
                "🛡 Security",
                "Review NOVA security controls.",
                v -> showFeature("Security")
        ));

        content.addView(card(
                "💾 Storage",
                "View NOVA workspace storage.",
                v -> showFeature("Storage")
        ));

        content.addView(card(
                "ℹ️ About NOVA",
                "NOVA native Android workspace.",
                v -> showFeature("About NOVA")
        ));
    }

    private void showThemes() {
        clear("Themes", "Choose a NOVA visual theme");

        for (String theme : ThemeRegistry.all()) {

            boolean selected = theme.equals(currentTheme);

            content.addView(card(
                    (selected ? "✓ " : "") + theme,
                    selected
                            ? "Currently active"
                            : "Tap to apply this theme.",
                    v -> {
                        NovaTheme.set(this, theme);
                        currentTheme = theme;
                        buildUI();
                        Toast.makeText(
                                this,
                                theme + " applied",
                                Toast.LENGTH_SHORT
                        ).show();
                    }
            ));
        }
    }

    private void showFeatureGroup(String name, java.util.List<String> features) {
        clear(name, "NOVA workspace");

        for (String feature : features) {
            content.addView(card(
                    feature,
                    "Open " + feature + ".",
                    v -> showFeature(feature)
            ));
        }
    }

    private void showFeature(String feature) {
        clear(feature, "NOVA feature workspace");

        content.addView(card(
                "NOVA " + feature,
                "This workspace is registered and ready for its implementation layer.",
                null
        ));

        content.addView(button(
                "← Back to Home",
                v -> showHome()
        ));
    }

    private LinearLayout bottomNavigation() {
        LinearLayout nav = new LinearLayout(this);
        nav.setOrientation(LinearLayout.HORIZONTAL);
        nav.setGravity(Gravity.CENTER);
        nav.setPadding(dp(6), dp(6), dp(6), dp(6));
        nav.setBackgroundColor(NovaTheme.card(currentTheme));

        String[] items = {"HOME", "M3GAN", "CODE", "PROJECTS", "MORE"};

        for (String item : items) {
            Button b = new Button(this);
            b.setText(item);
            b.setTextSize(11);
            b.setAllCaps(false);
            b.setTextColor(NovaTheme.text(currentTheme));
            b.setBackgroundColor(Color.TRANSPARENT);

            b.setOnClickListener(v -> {
                if (item.equals("HOME")) showHome();
                else if (item.equals("M3GAN")) showMegan();
                else if (item.equals("CODE"))
                    showFeatureGroup("CODING HUB", NovaFeatures.CODING_HUB);
                else if (item.equals("PROJECTS")) showProjects();
                else showSettings();
            });

            nav.addView(b, new LinearLayout.LayoutParams(
                    0, dp(52), 1
            ));
        }

        return nav;
    }
}
